[www.neotekauto.com/wp-content/uploads/2016/07/favicon.ico]
[backblue.gif]
[fade.gif]
[index.html]
[www.neotekauto.com/feed/index.html]
[www.neotekauto.com/comments/feed/index.html]
[www.google-analytics.com/analytics.js]
[www.neotekauto.com/wp-content/plugins/LayerSlider/static/js/greensockcd11.js]
[www.neotekauto.com/wp-includes/js/jquery/jqueryb8ff.js]
[www.neotekauto.com/wp-includes/js/jquery/jquery-migrate.min330a.js]
[www.neotekauto.com/wp-content/plugins/LayerSlider/static/js/layerslider.kreaturamedia.jquery3bea.js]
[www.neotekauto.com/wp-content/plugins/LayerSlider/static/js/layerslider.transitions3bea.js]
[www.neotekauto.com/wp-content/plugins/ultimate-form-builder-lite/js/jquery.selectbox-0.2.min578f.js]
[www.neotekauto.com/wp-content/plugins/ultimate-form-builder-lite/js/frontend578f.js]
[p.jwpcdn.com/6/12/jwplayer67d0.js]
[www.neotekauto.com/xmlrpc0db0.php]
[www.neotekauto.com/wp-json/index.html]
[www.neotekauto.com/wp-includes/wlwmanifest.xml]
[www.neotekauto.com/wp-json/oembed/1.0/embed575b.json]
[www.neotekauto.com/wp-json/oembed/1.0/embed04d2]
[www.neotekauto.com/wp-content/uploads/2016/05/logo.png]
[www.neotekauto.com/wp-content/uploads/2016/06/neotek-brake-rotor-drum-premium-standard-slider-2016.jpg]
[www.neotekauto.com/wp-content/uploads/2016/09/PRODUCT-QUALITY-NEW-slide-building-text-2016.png]
[www.neotekauto.com/wp-content/uploads/2016/06/neotek-building-Memphis-TN.jpg]
[www.neotekauto.com/wp-content/uploads/2016/09/us-distribution-slide-building-text-2016.png]
[www.neotekauto.com/wp-content/uploads/2016/07/slider-eng.jpg]
[www.neotekauto.com/wp-content/uploads/2016/07/ENGINEERING-INNOVATION-slide-neotek.png]
[www.neotekauto.com/wp-content/uploads/2016/06/NEOTEK-QUALITY-bg-slider.jpg]
[www.neotekauto.com/wp-content/uploads/2016/09/NEOTEK-ADVANTAGE-slide-building-text-2016.png]
[www.neotekauto.com/wp-content/uploads/2016/05/home-products-1-1.jpg]
[www.neotekauto.com/wp-content/uploads/2016/05/read-more-button.jpg]
[www.neotekauto.com/wp-content/uploads/2016/06/home-diy-1.jpg]
[www.neotekauto.com/wp-content/uploads/2016/05/home-pro-1.jpg]
[www.neotekauto.com/wp-content/uploads/2016/05/home-who-we-are-1-1-1.jpg]
[www.neotekauto.com/wp-content/plugins/contact-form-7/includes/js/jquery.form.mind03d.js]
[www.neotekauto.com/wp-content/plugins/contact-form-7/includes/js/scripts8686.js]
[www.neotekauto.com/wp-content/plugins/js_composer/assets/js/frontend_editor/vendors/plugins/jwplayer5152.js]
[www.neotekauto.com/wp-content/themes/scalia/js/respond.min68b3.js]
[www.neotekauto.com/wp-content/themes/scalia/js/combobox67d0.js]
[www.neotekauto.com/wp-content/themes/scalia/js/checkbox67d0.js]
[www.neotekauto.com/wp-content/themes/scalia/js/jquery.easing67d0.js]
[www.neotekauto.com/wp-content/themes/scalia/js/modernizr.custom67d0.js]
[www.neotekauto.com/wp-content/themes/scalia/js/jquery.dlmenu67d0.js]
[www.neotekauto.com/wp-content/themes/scalia/js/header67d0.js]
[www.neotekauto.com/wp-content/themes/scalia/js/jquery.lazyLoading67d0.js]
[www.neotekauto.com/wp-content/themes/scalia/js/jquery.transform67d0.js]
[www.neotekauto.com/wp-includes/js/jquery/ui/effect.mine899.js]
[www.neotekauto.com/wp-includes/js/jquery/ui/effect-drop.mine899.js]
[www.neotekauto.com/wp-content/themes/scalia/js/jquery.restable67d0.js]
[www.neotekauto.com/wp-content/themes/scalia/js/easyResponsiveTabs67d0.js]
[www.neotekauto.com/wp-content/themes/scalia/js/odometer67d0.js]
[www.neotekauto.com/wp-content/themes/scalia/js/jquery.sticky67d0.js]
[www.neotekauto.com/wp-content/themes/scalia/js/functions67d0.js]
[www.neotekauto.com/wp-content/themes/scalia/js/fancyBox/jquery.mousewheel.pack67d0.js]
[www.neotekauto.com/wp-content/themes/scalia/js/fancyBox/jquery.fancybox.pack67d0.js]
[www.neotekauto.com/wp-content/themes/scalia/js/fancyBox/jquery.fancybox-init67d0.js]
[www.neotekauto.com/wp-content/themes/scalia/js/vc_elements_init67d0.js]
[www.neotekauto.com/wp-includes/js/wp-embed.min67d0.js]
[www.neotekauto.com/wp-content/plugins/js_composer/assets/js/dist/js_composer_front.min0147.js]
[www.neotekauto.com/wp-content/plugins/js_composer/assets/lib/waypoints/waypoints.min0147.js]
[www.neotekauto.com/index.html]
[www.neotekauto.com/xmlrpc.php]
[www.neotekauto.com/wp-content/plugins/LayerSlider/static/css/blank.gif]
[www.neotekauto.com/wp-content/plugins/LayerSlider/static/css/layerslider3bea.css]
[www.neotekauto.com/wp-content/plugins/contact-form-7/includes/css/styles8686.css]
[www.neotekauto.com/wp-content/plugins/ultimate-form-builder-lite/images/select-icons.png]
[www.neotekauto.com/wp-content/plugins/ultimate-form-builder-lite/css/jquery.selectbox578f.css]
[www.neotekauto.com/wp-content/plugins/ultimate-form-builder-lite/images/ajax-loader.gif]
[www.neotekauto.com/wp-content/plugins/ultimate-form-builder-lite/images/uncheck-radio.png]
[www.neotekauto.com/wp-content/plugins/ultimate-form-builder-lite/images/checked-radio.png]
[www.neotekauto.com/wp-content/plugins/ultimate-form-builder-lite/images/check-box-checked.png]
[www.neotekauto.com/wp-content/plugins/ultimate-form-builder-lite/images/check-box.png]
[www.neotekauto.com/wp-content/plugins/ultimate-form-builder-lite/images/mail.png]
[www.neotekauto.com/wp-content/plugins/ultimate-form-builder-lite/images/option-angle.png]
[www.neotekauto.com/wp-content/plugins/ultimate-form-builder-lite/images/uncheck-radio-bold-border.png]
[www.neotekauto.com/wp-content/plugins/ultimate-form-builder-lite/images/checked-radio-bold-border.png]
[www.neotekauto.com/wp-content/plugins/ultimate-form-builder-lite/images/check-box-checked-bold-border.png]
[www.neotekauto.com/wp-content/plugins/ultimate-form-builder-lite/images/check-box-bod-border.png]
[www.neotekauto.com/wp-content/plugins/ultimate-form-builder-lite/images/uncheck-radio-5.png]
[www.neotekauto.com/wp-content/plugins/ultimate-form-builder-lite/images/checked-radio-5.png]
[www.neotekauto.com/wp-content/plugins/ultimate-form-builder-lite/images/check-box-checked-5.png]
[www.neotekauto.com/wp-content/plugins/ultimate-form-builder-lite/images/check-box-5.png]
[www.neotekauto.com/wp-content/plugins/ultimate-form-builder-lite/images/mail-white.png]
[www.neotekauto.com/wp-content/plugins/ultimate-form-builder-lite/images/option-angle-5.png]
[www.neotekauto.com/wp-content/plugins/ultimate-form-builder-lite/images/option-angle-5-hover.png]
[www.neotekauto.com/wp-content/plugins/ultimate-form-builder-lite/css/frontend578f.css]
[www.neotekauto.com/wp-content/themes/scalia/fonts/scalia-iconsf452.eot]
[www.neotekauto.com/wp-content/themes/scalia/fonts/scalia-iconsd41d.eot]
[www.neotekauto.com/wp-content/themes/scalia/fonts/scalia-iconsf452.woff]
[www.neotekauto.com/wp-content/themes/scalia/fonts/scalia-iconsf452.ttf]
[www.neotekauto.com/wp-content/themes/scalia/fonts/scalia-socials.eot]
[www.neotekauto.com/wp-content/themes/scalia/fonts/scalia-socials.ttf]
[www.neotekauto.com/wp-content/themes/scalia/fonts/scalia-socialsd41d.eot]
[www.neotekauto.com/wp-content/themes/scalia/fonts/scalia-socials.woff]
[www.neotekauto.com/wp-content/themes/scalia/fonts/scalia-user-icons.eot]
[www.neotekauto.com/wp-content/themes/scalia/fonts/scalia-user-icons.ttf]
[www.neotekauto.com/wp-content/themes/scalia/fonts/scalia-user-iconsd41d.eot]
[www.neotekauto.com/wp-content/themes/scalia/fonts/scalia-user-icons.woff]
[www.neotekauto.com/wp-content/themes/scalia/css/icons67d0.css]
[www.neotekauto.com/wp-content/themes/scalia/css/reset67d0.css]
[www.neotekauto.com/wp-content/themes/scalia/css/grid67d0.css]
[www.neotekauto.com/wp-content/themes/scalia/images/preloader-1.gif]
[www.neotekauto.com/wp-content/themes/scalia/images/divider-wave.png]
[www.neotekauto.com/wp-content/themes/scalia/images/map-locker.png]
[www.neotekauto.com/wp-content/themes/scalia/images/line-border.png]
[www.neotekauto.com/wp-content/themes/scalia/images/pr-bg.png]
[www.neotekauto.com/wp-content/themes/scalia/images/divider-zigzag.png]
[www.neotekauto.com/wp-content/themes/scalia/style67d0.css]
[www.neotekauto.com/wp-content/themes/scalia/css/header67d0.css]
[www.neotekauto.com/wp-content/themes/scalia/images/pp-border-image.jpg]
[www.neotekauto.com/wp-content/themes/scalia/images/new-2.png]
[www.neotekauto.com/wp-content/themes/scalia/images/new-1.png]
[www.neotekauto.com/wp-content/themes/scalia/images/pr-table-style-3-bg.jpg]
[www.neotekauto.com/wp-content/themes/scalia/css/widgets67d0.css]
[www.neotekauto.com/wp-content/themes/scalia/images/portfolio_bottom_border.gif]
[www.neotekauto.com/wp-content/themes/scalia/css/portfolio67d0.css]
[www.neotekauto.com/wp-content/themes/scalia/css/custom67d0.css]
[www.neotekauto.com/wp-content/plugins/js_composer/assets/vc/alert.png]
[www.neotekauto.com/wp-content/plugins/js_composer/assets/vc/info.png]
[www.neotekauto.com/wp-content/plugins/js_composer/assets/vc/tick.png]
[www.neotekauto.com/wp-content/plugins/js_composer/assets/vc/exclamation.png]
[www.neotekauto.com/wp-content/plugins/js_composer/assets/images/icons/address-book.png]
[www.neotekauto.com/wp-content/plugins/js_composer/assets/images/icons/alarm-clock.png]
[www.neotekauto.com/wp-content/plugins/js_composer/assets/images/icons/anchor.png]
[www.neotekauto.com/wp-content/plugins/js_composer/assets/images/icons/application-image.png]
[www.neotekauto.com/wp-content/plugins/js_composer/assets/images/icons/arrow.png]
[www.neotekauto.com/wp-content/plugins/js_composer/assets/images/icons/asterisk.png]
[www.neotekauto.com/wp-content/plugins/js_composer/assets/images/icons/auction-hammer.png]
[www.neotekauto.com/wp-content/plugins/js_composer/assets/images/icons/balloon.png]
[www.neotekauto.com/wp-content/plugins/js_composer/assets/images/icons/balloon-buzz.png]
[www.neotekauto.com/wp-content/plugins/js_composer/assets/images/icons/balloon-facebook.png]
[www.neotekauto.com/wp-content/plugins/js_composer/assets/images/icons/balloon-twitter.png]
[www.neotekauto.com/wp-content/plugins/js_composer/assets/images/icons/battery-full.png]
[www.neotekauto.com/wp-content/plugins/js_composer/assets/images/icons/binocular.png]
[www.neotekauto.com/wp-content/plugins/js_composer/assets/images/icons/blue-document-excel.png]
[www.neotekauto.com/wp-content/plugins/js_composer/assets/images/icons/blue-document-image.png]
[www.neotekauto.com/wp-content/plugins/js_composer/assets/images/icons/blue-document-music.png]
[www.neotekauto.com/wp-content/plugins/js_composer/assets/images/icons/blue-document-office.png]
[www.neotekauto.com/wp-content/plugins/js_composer/assets/images/icons/blue-document-pdf.png]
[www.neotekauto.com/wp-content/plugins/js_composer/assets/images/icons/blue-document-powerpoint.png]
[www.neotekauto.com/wp-content/plugins/js_composer/assets/images/icons/blue-document-word.png]
[www.neotekauto.com/wp-content/plugins/js_composer/assets/images/icons/bookmark.png]
[www.neotekauto.com/wp-content/plugins/js_composer/assets/images/icons/camcorder.png]
[www.neotekauto.com/wp-content/plugins/js_composer/assets/images/icons/camera.png]
[www.neotekauto.com/wp-content/plugins/js_composer/assets/images/icons/chart.png]
[www.neotekauto.com/wp-content/plugins/js_composer/assets/images/icons/chart-pie.png]
[www.neotekauto.com/wp-content/plugins/js_composer/assets/images/icons/clock.png]
[www.neotekauto.com/wp-content/plugins/js_composer/assets/images/icons/control.png]
[www.neotekauto.com/wp-content/plugins/js_composer/assets/images/icons/fire.png]
[www.neotekauto.com/wp-content/plugins/js_composer/assets/images/icons/heart.png]
[www.neotekauto.com/wp-content/plugins/js_composer/assets/images/icons/mail.png]
[www.neotekauto.com/wp-content/plugins/js_composer/assets/images/icons/plus-shield.png]
[www.neotekauto.com/wp-content/plugins/js_composer/assets/images/icons/video.png]
[www.neotekauto.com/wp-content/plugins/js_composer/assets/images/toggle_open.png]
[www.neotekauto.com/wp-content/plugins/js_composer/assets/images/toggle_close.png]
[www.neotekauto.com/wp-content/plugins/js_composer/assets/images/flickr.png]
[www.neotekauto.com/wp-content/plugins/js_composer/assets/fonts/vc_grid/vc_grid_v157a1.eot]
[www.neotekauto.com/wp-content/plugins/js_composer/assets/fonts/vc_grid/vc_grid_v1d41d.eot]
[www.neotekauto.com/wp-content/plugins/js_composer/assets/fonts/vc_grid/vc_grid_v157a1.woff]
[www.neotekauto.com/wp-content/plugins/js_composer/assets/fonts/vc_grid/vc_grid_v157a1.ttf]
[www.neotekauto.com/wp-content/plugins/js_composer/assets/css/js_composer.min0147.css]
[www.neotekauto.com/wp-content/themes/scalia/js/fancyBox/fancybox_sprite.png]
[www.neotekauto.com/wp-content/themes/scalia/js/fancyBox/fancybox_loading.gif]
[www.neotekauto.com/wp-content/themes/scalia/js/fancyBox/blank.gif]
[www.neotekauto.com/wp-content/themes/scalia/js/fancyBox/fancybox_overlay.png]
[www.neotekauto.com/wp-content/themes/scalia/js/fancyBox/jquery.fancybox67d0.css]
[www.neotekauto.com/wp-content/themes/scalia/images/admin-images/portfolio-dummy.png]
[www.neotekauto.com/wp-content/themes/scalia/images/admin-images/testimonials-dummy.png]
[www.neotekauto.com/wp-content/themes/scalia/images/admin-images/news-dummy.png]
[www.neotekauto.com/wp-content/themes/scalia/images/admin-images/gallery-dummy.png]
[www.neotekauto.com/wp-content/themes/scalia/images/admin-images/diagram-dummy.png]
[www.neotekauto.com/wp-content/themes/scalia/images/admin-images/clients-dummy.png]
[www.neotekauto.com/wp-content/themes/scalia/css/vc_elements67d0.css]
[www.neotekauto.com/wp-json/oembed/1.0/embed0138.json]
[www.neotekauto.com/aboutus/feed/index.html]
[www.neotekauto.com/wp-json/oembed/1.0/embed28c2]
[www.neotekauto.com/wp-content/uploads/2014/11/about-neotek-brake-rotors-drums-original-equipment-service-aftermarket-2.jpg]
[www.neotekauto.com/wp-content/uploads/2014/11/home-products-full.jpg]
[www.neotekauto.com/wp-content/uploads/2014/11/1983-icons-new.png]
[www.neotekauto.com/wp-content/uploads/2014/11/globe-icons.png]
[www.neotekauto.com/wp-content/uploads/2014/11/us-icons-new.png]
[www.neotekauto.com/wp-content/uploads/2014/11/map-icons-new.png]
[www.neotekauto.com/wp-content/uploads/2014/11/Foundry-icons-1.png]
[www.neotekauto.com/wp-content/uploads/2014/11/99-percent-coverage-neotek-domestic-european-import.jpg]
[www.neotekauto.com/wp-content/uploads/2014/11/cnc.jpg]
[www.neotekauto.com/wp-content/uploads/2014/11/STATE-OF-THE-ART-MANUFACTURING.jpg]
[www.neotekauto.com/wp-content/uploads/2014/11/ENGINEERING-INNOVATION.jpg]
[www.neotekauto.com/wp-content/uploads/2014/11/company-page-small-US-DISTRIBUTION.jpg]
[www.neotekauto.com/aboutus/index.html]
[www.neotekauto.com/wp-json/oembed/1.0/embed407e.json]
[www.neotekauto.com/wp-json/oembed/1.0/embed2da4]
[www.neotekauto.com/wp-content/uploads/2016/06/neotek-brake-rotor-drum-product-page.jpg]
[www.neotekauto.com/wp-content/uploads/2016/06/Neotek-Product-Photos-premium-rotor-5.1.jpg]
[www.neotekauto.com/wp-content/uploads/2016/06/Neotek-Product-Photos-standard-rotor-5.jpg]
[www.neotekauto.com/wp-content/uploads/2016/06/Neotek-Product-Photos-drums.jpg]
[www.neotekauto.com/products/index.html]
[www.neotekauto.com/wp-json/oembed/1.0/embedb607.json]
[www.neotekauto.com/wp-json/oembed/1.0/embedf7e0]
[www.neotekauto.com/wp-content/uploads/2016/06/neotek-brake-rotor-drum-product-page-3.jpg]
[www.neotekauto.com/products/rotors/index.html]
[www.neotekauto.com/wp-json/oembed/1.0/embed0f8b.json]
[www.neotekauto.com/wp-json/oembed/1.0/embed0bb1]
[www.neotekauto.com/wp-content/uploads/2016/06/header-brake-rotors-drums-original-equipment-service-aftermarket-Premium.jpg]
[www.neotekauto.com/wp-content/uploads/2016/06/rotors-black-front-1-scalia-gallery-fullwidth.jpg]
[www.neotekauto.com/wp-content/uploads/2016/06/rotors-black-front-1.jpg]
[www.neotekauto.com/wp-content/uploads/2016/06/rotors-black-front-1-256x256.jpg]
[www.neotekauto.com/wp-content/uploads/2016/06/rotors-black-close-up-1-scalia-gallery-fullwidth.jpg]
[www.neotekauto.com/wp-content/uploads/2016/06/rotors-black-close-up-1.jpg]
[www.neotekauto.com/wp-content/uploads/2016/06/rotors-black-close-up-1-256x256.jpg]
[www.neotekauto.com/wp-content/uploads/2016/06/premium-rotor-5-back-scalia-gallery-fullwidth.jpg]
[www.neotekauto.com/wp-content/uploads/2016/06/premium-rotor-5-back.jpg]
[www.neotekauto.com/wp-content/uploads/2016/06/premium-rotor-5-back-256x256.jpg]
[www.neotekauto.com/wp-content/uploads/2016/06/premium-rotor-5-angled-view-scalia-gallery-fullwidth.jpg]
[www.neotekauto.com/wp-content/uploads/2016/06/premium-rotor-5-angled-view.jpg]
[www.neotekauto.com/wp-content/uploads/2016/06/premium-rotor-5-angled-view-256x256.jpg]
[www.neotekauto.com/wp-content/uploads/2016/06/product-page-features-bottom.jpg]
[www.neotekauto.com/wp-content/themes/scalia/js/jquery.carouFredSel67d0.js]
[www.neotekauto.com/wp-content/themes/scalia/js/gallery67d0.js]
[www.neotekauto.com/products/rotors/rotors-premium/index.html]
[www.neotekauto.com/wp-json/oembed/1.0/embed3c32.json]
[www.neotekauto.com/wp-json/oembed/1.0/embed06d3]
[www.neotekauto.com/wp-content/uploads/2016/06/header-brake-rotors-drums-original-equipment-service-aftermarket-standard.jpg]
[www.neotekauto.com/wp-content/uploads/2016/06/rotors-standard-gallery-front-1-scalia-gallery-fullwidth.jpg]
[www.neotekauto.com/wp-content/uploads/2016/06/rotors-standard-gallery-front-1.jpg]
[www.neotekauto.com/wp-content/uploads/2016/06/rotors-standard-gallery-front-1-256x256.jpg]
[www.neotekauto.com/wp-content/uploads/2016/06/rotors-standard-gallery-front-scalia-gallery-fullwidth.jpg]
[www.neotekauto.com/wp-content/uploads/2016/06/rotors-standard-gallery-front.jpg]
[www.neotekauto.com/wp-content/uploads/2016/06/rotors-standard-gallery-front-256x256.jpg]
[www.neotekauto.com/wp-content/uploads/2016/06/rotors-standard-gallery-closeup-scalia-gallery-fullwidth.jpg]
[www.neotekauto.com/wp-content/uploads/2016/06/rotors-standard-gallery-closeup.jpg]
[www.neotekauto.com/wp-content/uploads/2016/06/rotors-standard-gallery-closeup-256x256.jpg]
[www.neotekauto.com/wp-content/uploads/2016/07/standard-rotors-gallery-side-scalia-gallery-fullwidth.jpg]
[www.neotekauto.com/wp-content/uploads/2016/07/standard-rotors-gallery-side.jpg]
[www.neotekauto.com/wp-content/uploads/2016/07/standard-rotors-gallery-side-256x256.jpg]
[www.neotekauto.com/wp-content/uploads/2016/07/standard-rotors-gallery-back-2-scalia-gallery-fullwidth.jpg]
[www.neotekauto.com/wp-content/uploads/2016/07/standard-rotors-gallery-back-2.jpg]
[www.neotekauto.com/wp-content/uploads/2016/07/standard-rotors-gallery-back-2-256x256.jpg]
[www.neotekauto.com/wp-content/uploads/2016/07/standard-rotors-gallery-1-scalia-gallery-fullwidth.jpg]
[www.neotekauto.com/wp-content/uploads/2016/07/standard-rotors-gallery-1.jpg]
[www.neotekauto.com/wp-content/uploads/2016/07/standard-rotors-gallery-1-256x256.jpg]
[www.neotekauto.com/wp-content/uploads/2016/07/standard-rotors-prem-gallery-closeup-3-scalia-gallery-fullwidth.jpg]
[www.neotekauto.com/wp-content/uploads/2016/07/standard-rotors-prem-gallery-closeup-3.jpg]
[www.neotekauto.com/wp-content/uploads/2016/07/standard-rotors-prem-gallery-closeup-3-256x256.jpg]
[www.neotekauto.com/wp-content/uploads/2016/07/standard-rotors-prem-gallery-closeup-2-scalia-gallery-fullwidth.jpg]
[www.neotekauto.com/wp-content/uploads/2016/07/standard-rotors-prem-gallery-closeup-2.jpg]
[www.neotekauto.com/wp-content/uploads/2016/07/standard-rotors-prem-gallery-closeup-2-256x256.jpg]
[www.neotekauto.com/products/rotors/rotors-standard/index.html]
[www.neotekauto.com/wp-json/oembed/1.0/embed325e.json]
[www.neotekauto.com/wp-json/oembed/1.0/embed1a6f]
[www.neotekauto.com/wp-content/uploads/2016/06/header-brake-rotors-drums-original-equipment-service-aftermarket-drum.jpg]
[www.neotekauto.com/wp-content/uploads/2016/06/drum-back-side-1-scalia-gallery-fullwidth.jpg]
[www.neotekauto.com/wp-content/uploads/2016/06/drum-back-side-1.jpg]
[www.neotekauto.com/wp-content/uploads/2016/06/drum-back-side-1-256x256.jpg]
[www.neotekauto.com/wp-content/uploads/2016/06/drum-front-side-1-scalia-gallery-fullwidth.jpg]
[www.neotekauto.com/wp-content/uploads/2016/06/drum-front-side-1.jpg]
[www.neotekauto.com/wp-content/uploads/2016/06/drum-front-side-1-256x256.jpg]
[www.neotekauto.com/wp-content/uploads/2016/06/drum-close-up-1-scalia-gallery-fullwidth.jpg]
[www.neotekauto.com/wp-content/uploads/2016/06/drum-close-up-1.jpg]
[www.neotekauto.com/wp-content/uploads/2016/06/drum-close-up-1-256x256.jpg]
[www.neotekauto.com/products/drums/index.html]
[www.neotekauto.com/wp-json/oembed/1.0/embed6984.json]
[www.neotekauto.com/wp-json/oembed/1.0/embed35b4]
[www.neotekauto.com/wp-content/uploads/2016/06/header-diy-page.jpg]
[www.neotekauto.com/wp-content/uploads/2016/06/neotek-brake-rotors-drums-professional.jpg]
[www.neotekauto.com/wp-content/uploads/2016/06/neotek-brake-rotors-drums-diy-new.jpg]
[www.neotekauto.com/diy-professionals/index.html]
[www.neotekauto.com/wp-json/oembed/1.0/embed6515.json]
[www.neotekauto.com/contact/feed/index.html]
[www.neotekauto.com/wp-json/oembed/1.0/embeda959]
[www.neotekauto.com/wp-content/uploads/2014/10/neotek-brake-rotors-drums-original-equipment-service-aftermarket-2.jpg]
[www.neotekauto.com/contact/index.html]
[www.neotekauto.com/wp-json/oembed/1.0/embed7ff8.json]
[www.neotekauto.com/wp-json/oembed/1.0/embedcff8]
[www.neotekauto.com/privacy-policy/index.html]
[www.neotekauto.com/wp-json/oembed/1.0/embed0e6e.json]
[www.neotekauto.com/wp-json/oembed/1.0/embeddcaa]
[www.neotekauto.com/website-terms-of-service/index.html]
[www.neotekauto.com/wp-content/themes/scalia/fonts/scalia-iconsf452.svg]
[www.neotekauto.com/wp-content/themes/scalia/fonts/scalia-socials.svg]
[www.neotekauto.com/wp-content/themes/scalia/fonts/scalia-user-icons.svg]
[www.neotekauto.com/wp-content/themes/scalia/css/grayscale.svg]
[www.neotekauto.com/wp-content/themes/scalia/css/circle.svg]
[www.neotekauto.com/wp-content/themes/scalia/css/rounded.svg]
[www.neotekauto.com/wp-content/themes/scalia/css/blur.svg]
[www.neotekauto.com/wp-content/plugins/js_composer/assets/fonts/vc_grid/vc_grid_v157a1.svg]
[www.neotekauto.com/index39b6.html]
[www.neotekauto.com/index77e4.html]
[www.neotekauto.com/index7828.html]
[www.neotekauto.com/indexf191.html]
[www.neotekauto.com/indexc7a0.html]
[www.neotekauto.com/indexc170.html]
[www.neotekauto.com/indexffda.html]
[www.neotekauto.com/index1426.html]
[www.neotekauto.com/indexe383.html]
[www.neotekauto.com/index8e11.html]
[neotek.dodtest.com/wp-content/uploads/2016/05/main-bg-color.png]
[neotek.dodtest.com/wp-content/uploads/2016/05/menu.jpg]
[neotek.dodtest.com/wp-content/themes/scalia/images/preloader-2.gif]
